// Jest Snapshot v1, https://goo.gl/fbAQLP

exports[`Storyshots Components/Comment Primary 1`] = `
.c1 {
  box-sizing: border-box;
  width: 100%;
  background-color: #f5f5f5;
  padding: 12px;
  color: #000;
  border: 1px solid rgba(0,0,0,0.3);
  border-radius: 5px;
}

.c0 + .c0 {
  margin-top: 8px;
}

.c2 {
  font-size: 0.9em;
  color: #6d6d6d;
  margin-bottom: 6px;
}

<div
  className="c0 c1"
>
  <div
    className="c2"
  >
    Cometrica Team
  </div>
  Hello!
</div>
`;
